// Jest Snapshot v1, https://goo.gl/fbAQLP

exports[`Sign In Form Snapshot Renders Correctly and Create Snapshot 1`] = `
<RNCSafeAreaProvider
  onInsetsChange={[Function]}
  style={
    [
      {
        "flex": 1,
      },
      undefined,
    ]
  }
>
  <RNSScreenStack
    style={
      {
        "flex": 1,
      }
    }
  >
    <RNSScreen
      collapsable={false}
      gestureResponseDistance={
        {
          "bottom": -1,
          "end": -1,
          "start": -1,
          "top": -1,
        }
      }
      nativeBackButtonDismissalEnabled={false}
      onAppear={[Function]}
      onDisappear={[Function]}
      onDismissed={[Function]}
      onGestureCancel={[Function]}
      onHeaderBackButtonClicked={[Function]}
      onNativeDismissCancelled={[Function]}
      onTransitionProgress={[Function]}
      onWillDisappear={[Function]}
      replaceAnimation="push"
      sheetAllowedDetents="large"
      sheetCornerRadius={-1}
      sheetExpandsWhenScrolledToEdge={true}
      sheetGrabberVisible={false}
      sheetLargestUndimmedDetent="all"
      stackPresentation="push"
      style={
        {
          "bottom": 0,
          "left": 0,
          "position": "absolute",
          "right": 0,
          "top": 0,
        }
      }
      swipeDirection="horizontal"
    >
      <RNSScreenStackHeaderConfig
        backButtonInCustomView={false}
        backTitleVisible={true}
        backgroundColor="rgb(255, 255, 255)"
        color="rgb(0, 122, 255)"
        direction="ltr"
        disableBackButtonMenu={false}
        hidden={false}
        hideBackButton={false}
        largeTitleHideShadow={false}
        title="SignInForm"
        titleColor="rgb(28, 28, 30)"
        topInsetEnabled={false}
        translucent={false}
      />
      <View
        accessibilityElementsHidden={false}
        importantForAccessibility="auto"
        style={
          {
            "flex": 1,
            "flexDirection": "column-reverse",
          }
        }
      >
        <View
          style={
            [
              {
                "flex": 1,
              },
              {
                "backgroundColor": "rgb(242, 242, 242)",
              },
              undefined,
            ]
          }
        >
          <View
            style={
              {
                "flex": 1,
                "paddingVertical": 16,
              }
            }
          >
            <TextInput
              onChangeText={[Function]}
              placeholder="Email"
              style={
                {
                  "alignSelf": "center",
                  "borderWidth": 0.5,
                  "fontSize": 18,
                  "height": 40,
                  "marginTop": 8,
                  "padding": 4,
                  "width": "80%",
                }
              }
              testID="Email"
              value=""
            />
            <Text
              style={
                {
                  "alignSelf": "center",
                  "fontSize": 18,
                  "marginTop": 8,
                  "padding": 4,
                  "width": "80%",
                }
              }
              testID="EmailError"
            />
            <TextInput
              onChangeText={[Function]}
              placeholder="Password"
              secureTextEntry={true}
              style={
                {
                  "alignSelf": "center",
                  "borderWidth": 0.5,
                  "fontSize": 18,
                  "height": 40,
                  "marginTop": 8,
                  "padding": 4,
                  "width": "80%",
                }
              }
              testID="Password"
              value=""
            />
            <Text
              style={
                {
                  "alignSelf": "center",
                  "fontSize": 18,
                  "marginTop": 8,
                  "padding": 4,
                  "width": "80%",
                }
              }
              testID="PasswordError"
            />
            <View
              accessibilityRole="button"
              accessibilityState={
                {
                  "busy": undefined,
                  "checked": undefined,
                  "disabled": undefined,
                  "expanded": undefined,
                  "selected": undefined,
                }
              }
              accessibilityValue={
                {
                  "max": undefined,
                  "min": undefined,
                  "now": undefined,
                  "text": undefined,
                }
              }
              accessible={true}
              collapsable={false}
              focusable={true}
              onClick={[Function]}
              onResponderGrant={[Function]}
              onResponderMove={[Function]}
              onResponderRelease={[Function]}
              onResponderTerminate={[Function]}
              onResponderTerminationRequest={[Function]}
              onStartShouldSetResponder={[Function]}
              style={
                {
                  "opacity": 1,
                }
              }
              testID="Signin"
            >
              <View
                style={
                  [
                    {},
                  ]
                }
              >
                <Text
                  style={
                    [
                      {
                        "color": "#007AFF",
                        "fontSize": 18,
                        "margin": 8,
                        "textAlign": "center",
                      },
                    ]
                  }
                >
                  Sign In
                </Text>
              </View>
            </View>
          </View>
        </View>
      </View>
    </RNSScreen>
  </RNSScreenStack>
</RNCSafeAreaProvider>
`;
